<divclass="container"><h1>FoobarManagement</h1></div><tablename="foobar"><thead><th>id</th><th>name</th><th>title</th><th>status</th></thead><tbody><tr><tdname="id">1</td><tdname="name">Jim</td><tdname="title">Pilot</td><tdname="status">missing</td></tr><tr><tdname="id">2</td><tdname="name">Fred</td><tdname="title">Chief</td><tdname="status">deceased</td></tr><tr><tdname="id">3</td><tdname="name">Doug</td><tdname="title">Scout</td><tdname="status">alive</td></tr><tr><tdname="id">4</td><tdname="name">Bob</td><tdname="title">Captain</td><tdname="status">alive</td></tr></tbody></table>