<form id="foobar-form" class="form-horizontal">
  <label for="id" class="control-label">id</label>
  <input name="id" value="<?php echo $foobar_row['id']; ?>" class="form-control" id="id-input">
  <label for="name" class="control-label">name</label>
  <input name="name" value="<?php echo $foobar_row['name']; ?>" class="form-control" id="name-input">
  <label for="status" class="control-label">status</label>
  <select name="status" class="form-control" id="status-select">
    <?php foreach($foobar_row['status'] as $name => $val) { ?>
      <option value="<?php echo $val; ?>" <?php echo $val == $foobar_row['status']_selected ? "selected" : null ?>><?php echo $name; ?></option>
    <?php } ?>
  </select>
</form>